no_label: 
all_unused: label0, label1
some_used: unused
all_used: 
