pack: 
print_array: loop_end
binary_search: check_equal, check_valid
main: 
