[{'dest': 'one', 'op': 'const', 'type': 'int', 'value': 1}, {'dest': 'i', 'op': 'const', 'type': 'int', 'value': 0}, {'args': ['size'], 'dest': 'array', 'op': 'alloc', 'type': {'ptr': 'int'}}, {'args': ['array', 'i'], 'dest': 'loc', 'op': 'ptradd', 'type': {'ptr': 'int'}}, {'args': ['loc', 'n1'], 'op': 'store'}, {'args': ['i', 'one'], 'dest': 'i', 'op': 'add', 'type': 'int'}, {'args': ['array', 'i'], 'dest': 'loc', 'op': 'ptradd', 'type': {'ptr': 'int'}}, {'args': ['loc', 'n2'], 'op': 'store'}, {'args': ['i', 'one'], 'dest': 'i', 'op': 'add', 'type': 'int'}, {'args': ['array', 'i'], 'dest': 'loc', 'op': 'ptradd', 'type': {'ptr': 'int'}}, {'args': ['loc', 'n3'], 'op': 'store'}, {'args': ['i', 'one'], 'dest': 'i', 'op': 'add', 'type': 'int'}, {'args': ['array', 'i'], 'dest': 'loc', 'op': 'ptradd', 'type': {'ptr': 'int'}}, {'args': ['loc', 'n4'], 'op': 'store'}, {'args': ['i', 'one'], 'dest': 'i', 'op': 'add', 'type': 'int'}, {'args': ['array', 'i'], 'dest': 'loc', 'op': 'ptradd', 'type': {'ptr': 'int'}}, {'args': ['loc', 'n5'], 'op': 'store'}, {'args': ['array'], 'op': 'ret'}]

[{'dest': 'i', 'op': 'const', 'type': 'int', 'value': 0}, {'dest': 'one', 'op': 'const', 'type': 'int', 'value': 1}]
[{'label': 'loop'}, {'args': ['i', 'size'], 'dest': 'cond', 'op': 'lt', 'type': 'bool'}, {'args': ['cond'], 'labels': ['body', 'done'], 'op': 'br'}]
[{'label': 'body'}, {'args': ['array', 'i'], 'dest': 'loc', 'op': 'ptradd', 'type': {'ptr': 'int'}}, {'args': ['loc'], 'dest': 'val', 'op': 'load', 'type': 'int'}, {'args': ['val'], 'op': 'print'}]
[{'label': 'loop_end'}, {'args': ['i', 'one'], 'dest': 'i', 'op': 'add', 'type': 'int'}, {'labels': ['loop'], 'op': 'jmp'}]
[{'label': 'done'}, {'op': 'ret'}]

[{'dest': 'negone', 'op': 'const', 'type': 'int', 'value': -1}, {'dest': 'zero', 'op': 'const', 'type': 'int', 'value': 0}, {'dest': 'one', 'op': 'const', 'type': 'int', 'value': 1}, {'dest': 'two', 'op': 'const', 'type': 'int', 'value': 2}]
[{'label': 'check_valid'}, {'args': ['left', 'right'], 'dest': 'end_cond', 'op': 'gt', 'type': 'bool'}, {'args': ['end_cond'], 'labels': ['end', 'body'], 'op': 'br'}]
[{'label': 'body'}, {'args': ['left', 'right'], 'dest': 'mid', 'op': 'add', 'type': 'int'}, {'args': ['mid', 'two'], 'dest': 'mid', 'op': 'div', 'type': 'int'}]
[{'label': 'check_equal'}, {'args': ['array', 'mid'], 'dest': 'midloc', 'op': 'ptradd', 'type': {'ptr': 'int'}}, {'args': ['midloc'], 'dest': 'midval', 'op': 'load', 'type': 'int'}, {'args': ['target', 'midval'], 'dest': 'equal_cond', 'op': 'eq', 'type': 'bool'}, {'args': ['equal_cond'], 'labels': ['found', 'check_gt'], 'op': 'br'}]
[{'label': 'found'}, {'args': ['mid'], 'op': 'ret'}]
[{'label': 'check_gt'}, {'args': ['target', 'midval'], 'dest': 'gt_cond', 'op': 'gt', 'type': 'bool'}, {'args': ['gt_cond'], 'labels': ['call_gt', 'call_lt'], 'op': 'br'}]
[{'label': 'call_gt'}, {'args': ['left', 'one'], 'dest': 'newleft', 'op': 'add', 'type': 'int'}, {'args': ['array', 'target', 'newleft', 'right'], 'dest': 'output', 'funcs': ['binary_search'], 'op': 'call', 'type': 'int'}, {'args': ['output'], 'op': 'ret'}]
[{'label': 'call_lt'}, {'args': ['right', 'one'], 'dest': 'newright', 'op': 'sub', 'type': 'int'}, {'args': ['array', 'target', 'left', 'newright'], 'dest': 'output', 'funcs': ['binary_search'], 'op': 'call', 'type': 'int'}, {'args': ['output'], 'op': 'ret'}]
[{'label': 'end'}, {'args': ['negone'], 'dest': 'output', 'op': 'id', 'type': 'int'}, {'args': ['output'], 'op': 'ret'}]


