main
0: 1
1: 2, 3
2: 4
3: 4
4: -1, 5
5: 6, 7
6: 1
7: 1

