lis
0: 1
1: 2, 3
2: 1
3: 4
4: 5, 11
5: 6
6: 7, 10
7: 8, 9
8: 9
9: 6
10: 4
11: 12
12: 13, 14
13: 12

max
0: 1, 2

